// Jest Snapshot v1, https://goo.gl/fbAQLP

exports[`Calendar Component <test prop:: renderDate> should render custom date 1`] = `
<div>
  <div
    class="mui-calendar"
  >
    <div
      class="mui-calendar-header"
    >
      <a
        aria-label="Go to prev year"
        class="mui-calendar-arrow-button mui-calendar-arrow-button-left-year"
        fieldid="undefined-year-subtract-btn"
        role="button"
      >
        <svg
          height="1em"
          viewBox="0 0 44 44"
        >
          <g
            fill="none"
            fill-rule="evenodd"
            stroke="none"
            stroke-width="1"
          >
            <g
              transform="translate(-24.000000, -22.000000)"
            >
              <g
                transform="translate(24.000000, 22.000000)"
              >
                <rect
                  height="44"
                  width="44"
                  x="0"
                  y="0"
                />
                <g
                  fill="currentColor"
                  fill-rule="nonzero"
                  transform="translate(7.000000, 4.000000)"
                >
                  <path
                    d="M19.4833058,2.71985611 L3.53051139,17.0699744 C3.0173831,17.5315665 2.97522952,18.3220903 3.43630803,18.8357433 L3.43630796,18.8357432 C3.46601289,18.8688164 3.49745845,18.9002801 3.53051133,18.9300007 L19.4833057,33.2801611 C20.1234001,33.8559077 20.1759552,34.8420707 19.6007967,35.4827774 C19.0256382,36.1235263 18.0404824,36.1761351 17.400388,35.6003885 L1.44759367,21.2502703 L1.4475933,21.25027 C1.33208743,21.1463692 1.22220259,21.036372 1.11840792,20.920748 C-0.49302969,19.1256817 -0.345639536,16.3628317 1.4475933,14.7497465 L17.4003877,0.399628282 C18.0404821,-0.176160428 19.0256378,-0.123509422 19.6007963,0.517239417 C20.1759548,1.1579461 20.1233997,2.14410915 19.4833053,2.7198557 L19.4833058,2.71985611 Z"
                  />
                  <path
                    d="M19.5305114,17.0699744 C19.0173831,17.5315665 18.9752295,18.3220903 19.436308,18.8357433 C19.4660129,18.8688164 19.4974585,18.9002801 19.5305113,18.9300007 L29.4833057,27.2801611 C30.1234001,27.8559077 30.1759552,28.8420707 29.6007967,29.4827774 C29.0256382,30.1235263 28.0404824,30.1761351 27.400388,29.6003885 L17.4475937,21.2502703 C17.3320874,21.1463692 17.2222026,21.036372 17.1184079,20.920748 C15.5069703,19.1256817 15.6543605,16.3628317 17.4475933,14.7497465 L27.4003877,6.39962828 C28.0404821,5.82383957 29.0256378,5.87649058 29.6007963,6.51723942 C30.1759548,7.1579461 30.1233997,8.14410915 29.4833053,8.7198557 L19.5305114,17.0699744 Z"
                  />
                </g>
              </g>
            </g>
          </g>
        </svg>
      </a>
      <a
        aria-label="Go to prev month"
        class="mui-calendar-arrow-button mui-calendar-arrow-button-left-month"
        fieldid="undefined-month-subtract-btn"
        role="button"
      >
        <svg
          height="1em"
          viewBox="0 0 44 44"
        >
          <g
            fill="none"
            fill-rule="evenodd"
            stroke="none"
            stroke-width="1"
          >
            <g
              transform="translate(-100.000000, -22.000000)"
            >
              <g
                transform="translate(100.000000, 22.000000)"
              >
                <rect
                  height="44"
                  width="44"
                  x="0"
                  y="0"
                />
                <g
                  fill="currentColor"
                  fill-rule="nonzero"
                  transform="translate(12.000000, 4.000000)"
                >
                  <path
                    d="M19.4833058,2.71985611 L3.53051139,17.0699744 C3.0173831,17.5315665 2.97522952,18.3220903 3.43630803,18.8357433 L3.43630796,18.8357432 C3.46601289,18.8688164 3.49745845,18.9002801 3.53051133,18.9300007 L19.4833057,33.2801611 C20.1234001,33.8559077 20.1759552,34.8420707 19.6007967,35.4827774 C19.0256382,36.1235263 18.0404824,36.1761351 17.400388,35.6003885 L1.44759367,21.2502703 L1.4475933,21.25027 C1.33208743,21.1463692 1.22220259,21.036372 1.11840792,20.920748 C-0.49302969,19.1256817 -0.345639536,16.3628317 1.4475933,14.7497465 L17.4003877,0.399628282 C18.0404821,-0.176160428 19.0256378,-0.123509422 19.6007963,0.517239417 C20.1759548,1.1579461 20.1233997,2.14410915 19.4833053,2.7198557 L19.4833058,2.71985611 Z"
                  />
                </g>
              </g>
            </g>
          </g>
        </svg>
      </a>
      <div
        class="mui-calendar-title"
      >
        2024年3月
      </div>
      <a
        aria-label="Go to next month"
        class="mui-calendar-arrow-button mui-calendar-arrow-button-right mui-calendar-arrow-button-right-month"
        fieldid="undefined-month-add-btn"
        role="button"
      >
        <svg
          height="1em"
          viewBox="0 0 44 44"
        >
          <g
            fill="none"
            fill-rule="evenodd"
            stroke="none"
            stroke-width="1"
          >
            <g
              transform="translate(-100.000000, -22.000000)"
            >
              <g
                transform="translate(100.000000, 22.000000)"
              >
                <rect
                  height="44"
                  width="44"
                  x="0"
                  y="0"
                />
                <g
                  fill="currentColor"
                  fill-rule="nonzero"
                  transform="translate(12.000000, 4.000000)"
                >
                  <path
                    d="M19.4833058,2.71985611 L3.53051139,17.0699744 C3.0173831,17.5315665 2.97522952,18.3220903 3.43630803,18.8357433 L3.43630796,18.8357432 C3.46601289,18.8688164 3.49745845,18.9002801 3.53051133,18.9300007 L19.4833057,33.2801611 C20.1234001,33.8559077 20.1759552,34.8420707 19.6007967,35.4827774 C19.0256382,36.1235263 18.0404824,36.1761351 17.400388,35.6003885 L1.44759367,21.2502703 L1.4475933,21.25027 C1.33208743,21.1463692 1.22220259,21.036372 1.11840792,20.920748 C-0.49302969,19.1256817 -0.345639536,16.3628317 1.4475933,14.7497465 L17.4003877,0.399628282 C18.0404821,-0.176160428 19.0256378,-0.123509422 19.6007963,0.517239417 C20.1759548,1.1579461 20.1233997,2.14410915 19.4833053,2.7198557 L19.4833058,2.71985611 Z"
                  />
                </g>
              </g>
            </g>
          </g>
        </svg>
      </a>
      <a
        aria-label="Go to next year"
        class="mui-calendar-arrow-button mui-calendar-arrow-button-right mui-calendar-arrow-button-right-year"
        fieldid="undefined-year-add-btn"
        role="button"
      >
        <svg
          height="1em"
          viewBox="0 0 44 44"
        >
          <g
            fill="none"
            fill-rule="evenodd"
            stroke="none"
            stroke-width="1"
          >
            <g
              transform="translate(-24.000000, -22.000000)"
            >
              <g
                transform="translate(24.000000, 22.000000)"
              >
                <rect
                  height="44"
                  width="44"
                  x="0"
                  y="0"
                />
                <g
                  fill="currentColor"
                  fill-rule="nonzero"
                  transform="translate(7.000000, 4.000000)"
                >
                  <path
                    d="M19.4833058,2.71985611 L3.53051139,17.0699744 C3.0173831,17.5315665 2.97522952,18.3220903 3.43630803,18.8357433 L3.43630796,18.8357432 C3.46601289,18.8688164 3.49745845,18.9002801 3.53051133,18.9300007 L19.4833057,33.2801611 C20.1234001,33.8559077 20.1759552,34.8420707 19.6007967,35.4827774 C19.0256382,36.1235263 18.0404824,36.1761351 17.400388,35.6003885 L1.44759367,21.2502703 L1.4475933,21.25027 C1.33208743,21.1463692 1.22220259,21.036372 1.11840792,20.920748 C-0.49302969,19.1256817 -0.345639536,16.3628317 1.4475933,14.7497465 L17.4003877,0.399628282 C18.0404821,-0.176160428 19.0256378,-0.123509422 19.6007963,0.517239417 C20.1759548,1.1579461 20.1233997,2.14410915 19.4833053,2.7198557 L19.4833058,2.71985611 Z"
                  />
                  <path
                    d="M19.5305114,17.0699744 C19.0173831,17.5315665 18.9752295,18.3220903 19.436308,18.8357433 C19.4660129,18.8688164 19.4974585,18.9002801 19.5305113,18.9300007 L29.4833057,27.2801611 C30.1234001,27.8559077 30.1759552,28.8420707 29.6007967,29.4827774 C29.0256382,30.1235263 28.0404824,30.1761351 27.400388,29.6003885 L17.4475937,21.2502703 C17.3320874,21.1463692 17.2222026,21.036372 17.1184079,20.920748 C15.5069703,19.1256817 15.6543605,16.3628317 17.4475933,14.7497465 L27.4003877,6.39962828 C28.0404821,5.82383957 29.0256378,5.87649058 29.6007963,6.51723942 C30.1759548,7.1579461 30.1233997,8.14410915 29.4833053,8.7198557 L19.5305114,17.0699744 Z"
                  />
                </g>
              </g>
            </g>
          </g>
        </svg>
      </a>
    </div>
    <div
      class="mui-calendar-mark"
    >
      <div
        class="mui-calendar-mark-cell"
      >
        日
      </div>
      <div
        class="mui-calendar-mark-cell"
      >
        一
      </div>
      <div
        class="mui-calendar-mark-cell"
      >
        二
      </div>
      <div
        class="mui-calendar-mark-cell"
      >
        三
      </div>
      <div
        class="mui-calendar-mark-cell"
      >
        四
      </div>
      <div
        class="mui-calendar-mark-cell"
      >
        五
      </div>
      <div
        class="mui-calendar-mark-cell"
      >
        六
      </div>
    </div>
    <div
      class="mui-calendar-cells"
    >
      <div
        class="mui-calendar-cell mui-calendar-cell-disabled"
        role="gridcell"
      >
        <div
          class="mui-calendar-cell-top"
        >
          <span>
            25
          </span>
        </div>
        <div
          class="mui-calendar-cell-bottom"
        />
      </div>
      <div
        class="mui-calendar-cell mui-calendar-cell-disabled"
        role="gridcell"
      >
        <div
          class="mui-calendar-cell-top"
        >
          <span>
            26
          </span>
        </div>
        <div
          class="mui-calendar-cell-bottom"
        />
      </div>
      <div
        class="mui-calendar-cell mui-calendar-cell-disabled"
        role="gridcell"
      >
        <div
          class="mui-calendar-cell-top"
        >
          <span>
            27
          </span>
        </div>
        <div
          class="mui-calendar-cell-bottom"
        />
      </div>
      <div
        class="mui-calendar-cell mui-calendar-cell-disabled"
        role="gridcell"
      >
        <div
          class="mui-calendar-cell-top"
        >
          <span>
            28
          </span>
        </div>
        <div
          class="mui-calendar-cell-bottom"
        />
      </div>
      <div
        class="mui-calendar-cell mui-calendar-cell-disabled"
        role="gridcell"
      >
        <div
          class="mui-calendar-cell-top"
        >
          <span>
            29
          </span>
        </div>
        <div
          class="mui-calendar-cell-bottom"
        />
      </div>
      <div
        class="mui-calendar-cell"
        role="gridcell"
      >
        <div
          class="mui-calendar-cell-top"
        >
          <span>
            01
          </span>
        </div>
        <div
          class="mui-calendar-cell-bottom"
        />
      </div>
      <div
        class="mui-calendar-cell"
        role="gridcell"
      >
        <div
          class="mui-calendar-cell-top"
        >
          <span>
            02
          </span>
        </div>
        <div
          class="mui-calendar-cell-bottom"
        />
      </div>
      <div
        class="mui-calendar-cell"
        role="gridcell"
      >
        <div
          class="mui-calendar-cell-top"
        >
          <span>
            03
          </span>
        </div>
        <div
          class="mui-calendar-cell-bottom"
        />
      </div>
      <div
        class="mui-calendar-cell"
        role="gridcell"
      >
        <div
          class="mui-calendar-cell-top"
        >
          <span>
            04
          </span>
        </div>
        <div
          class="mui-calendar-cell-bottom"
        />
      </div>
      <div
        class="mui-calendar-cell"
        role="gridcell"
      >
        <div
          class="mui-calendar-cell-top"
        >
          <span>
            05
          </span>
        </div>
        <div
          class="mui-calendar-cell-bottom"
        />
      </div>
      <div
        class="mui-calendar-cell"
        role="gridcell"
      >
        <div
          class="mui-calendar-cell-top"
        >
          <span>
            06
          </span>
        </div>
        <div
          class="mui-calendar-cell-bottom"
        />
      </div>
      <div
        class="mui-calendar-cell"
        role="gridcell"
      >
        <div
          class="mui-calendar-cell-top"
        >
          <span>
            07
          </span>
        </div>
        <div
          class="mui-calendar-cell-bottom"
        />
      </div>
      <div
        class="mui-calendar-cell"
        role="gridcell"
      >
        <div
          class="mui-calendar-cell-top"
        >
          <span>
            08
          </span>
        </div>
        <div
          class="mui-calendar-cell-bottom"
        />
      </div>
      <div
        class="mui-calendar-cell"
        role="gridcell"
      >
        <div
          class="mui-calendar-cell-top"
        >
          <span>
            09
          </span>
        </div>
        <div
          class="mui-calendar-cell-bottom"
        />
      </div>
      <div
        class="mui-calendar-cell"
        role="gridcell"
      >
        <div
          class="mui-calendar-cell-top"
        >
          <span>
            10
          </span>
        </div>
        <div
          class="mui-calendar-cell-bottom"
        />
      </div>
      <div
        aria-selected="true"
        class="mui-calendar-cell mui-calendar-cell-selected mui-calendar-cell-selected-begin mui-calendar-cell-selected-end mui-calendar-cell-selected-single"
        fieldid="undefined-selected-end"
        role="gridcell"
      >
        <div
          class="mui-calendar-cell-top"
        >
          <span>
            11
          </span>
        </div>
        <div
          class="mui-calendar-cell-bottom"
        />
      </div>
      <div
        class="mui-calendar-cell"
        role="gridcell"
      >
        <div
          class="mui-calendar-cell-top"
        >
          <span>
            12
          </span>
        </div>
        <div
          class="mui-calendar-cell-bottom"
        />
      </div>
      <div
        class="mui-calendar-cell"
        role="gridcell"
      >
        <div
          class="mui-calendar-cell-top"
        >
          <span>
            13
          </span>
        </div>
        <div
          class="mui-calendar-cell-bottom"
        />
      </div>
      <div
        class="mui-calendar-cell"
        role="gridcell"
      >
        <div
          class="mui-calendar-cell-top"
        >
          <span>
            14
          </span>
        </div>
        <div
          class="mui-calendar-cell-bottom"
        />
      </div>
      <div
        class="mui-calendar-cell"
        role="gridcell"
      >
        <div
          class="mui-calendar-cell-top"
        >
          <span>
            15
          </span>
        </div>
        <div
          class="mui-calendar-cell-bottom"
        />
      </div>
      <div
        class="mui-calendar-cell"
        role="gridcell"
      >
        <div
          class="mui-calendar-cell-top"
        >
          <span>
            16
          </span>
        </div>
        <div
          class="mui-calendar-cell-bottom"
        />
      </div>
      <div
        class="mui-calendar-cell"
        role="gridcell"
      >
        <div
          class="mui-calendar-cell-top"
        >
          <span>
            17
          </span>
        </div>
        <div
          class="mui-calendar-cell-bottom"
        />
      </div>
      <div
        class="mui-calendar-cell"
        role="gridcell"
      >
        <div
          class="mui-calendar-cell-top"
        >
          <span>
            18
          </span>
        </div>
        <div
          class="mui-calendar-cell-bottom"
        />
      </div>
      <div
        class="mui-calendar-cell"
        role="gridcell"
      >
        <div
          class="mui-calendar-cell-top"
        >
          <span>
            19
          </span>
        </div>
        <div
          class="mui-calendar-cell-bottom"
        />
      </div>
      <div
        class="mui-calendar-cell"
        role="gridcell"
      >
        <div
          class="mui-calendar-cell-top"
        >
          <span>
            20
          </span>
        </div>
        <div
          class="mui-calendar-cell-bottom"
        />
      </div>
      <div
        class="mui-calendar-cell"
        role="gridcell"
      >
        <div
          class="mui-calendar-cell-top"
        >
          <span>
            21
          </span>
        </div>
        <div
          class="mui-calendar-cell-bottom"
        />
      </div>
      <div
        class="mui-calendar-cell"
        role="gridcell"
      >
        <div
          class="mui-calendar-cell-top"
        >
          <span>
            22
          </span>
        </div>
        <div
          class="mui-calendar-cell-bottom"
        />
      </div>
      <div
        class="mui-calendar-cell"
        role="gridcell"
      >
        <div
          class="mui-calendar-cell-top"
        >
          <span>
            23
          </span>
        </div>
        <div
          class="mui-calendar-cell-bottom"
        />
      </div>
      <div
        class="mui-calendar-cell"
        role="gridcell"
      >
        <div
          class="mui-calendar-cell-top"
        >
          <span>
            24
          </span>
        </div>
        <div
          class="mui-calendar-cell-bottom"
        />
      </div>
      <div
        class="mui-calendar-cell"
        role="gridcell"
      >
        <div
          class="mui-calendar-cell-top"
        >
          <span>
            25
          </span>
        </div>
        <div
          class="mui-calendar-cell-bottom"
        />
      </div>
      <div
        class="mui-calendar-cell"
        role="gridcell"
      >
        <div
          class="mui-calendar-cell-top"
        >
          <span>
            26
          </span>
        </div>
        <div
          class="mui-calendar-cell-bottom"
        />
      </div>
      <div
        class="mui-calendar-cell"
        role="gridcell"
      >
        <div
          class="mui-calendar-cell-top"
        >
          <span>
            27
          </span>
        </div>
        <div
          class="mui-calendar-cell-bottom"
        />
      </div>
      <div
        class="mui-calendar-cell"
        role="gridcell"
      >
        <div
          class="mui-calendar-cell-top"
        >
          <span>
            28
          </span>
        </div>
        <div
          class="mui-calendar-cell-bottom"
        />
      </div>
      <div
        class="mui-calendar-cell"
        role="gridcell"
      >
        <div
          class="mui-calendar-cell-top"
        >
          <span>
            29
          </span>
        </div>
        <div
          class="mui-calendar-cell-bottom"
        />
      </div>
      <div
        class="mui-calendar-cell"
        role="gridcell"
      >
        <div
          class="mui-calendar-cell-top"
        >
          <span>
            30
          </span>
        </div>
        <div
          class="mui-calendar-cell-bottom"
        />
      </div>
      <div
        class="mui-calendar-cell"
        role="gridcell"
      >
        <div
          class="mui-calendar-cell-top"
        >
          <span>
            31
          </span>
        </div>
        <div
          class="mui-calendar-cell-bottom"
        />
      </div>
      <div
        class="mui-calendar-cell mui-calendar-cell-disabled"
        role="gridcell"
      >
        <div
          class="mui-calendar-cell-top"
        >
          <span>
            01
          </span>
        </div>
        <div
          class="mui-calendar-cell-bottom"
        />
      </div>
      <div
        class="mui-calendar-cell mui-calendar-cell-disabled"
        role="gridcell"
      >
        <div
          class="mui-calendar-cell-top"
        >
          <span>
            02
          </span>
        </div>
        <div
          class="mui-calendar-cell-bottom"
        />
      </div>
      <div
        class="mui-calendar-cell mui-calendar-cell-disabled"
        role="gridcell"
      >
        <div
          class="mui-calendar-cell-top"
        >
          <span>
            03
          </span>
        </div>
        <div
          class="mui-calendar-cell-bottom"
        />
      </div>
      <div
        class="mui-calendar-cell mui-calendar-cell-disabled"
        role="gridcell"
      >
        <div
          class="mui-calendar-cell-top"
        >
          <span>
            04
          </span>
        </div>
        <div
          class="mui-calendar-cell-bottom"
        />
      </div>
      <div
        class="mui-calendar-cell mui-calendar-cell-disabled"
        role="gridcell"
      >
        <div
          class="mui-calendar-cell-top"
        >
          <span>
            05
          </span>
        </div>
        <div
          class="mui-calendar-cell-bottom"
        />
      </div>
      <div
        class="mui-calendar-cell mui-calendar-cell-disabled"
        role="gridcell"
      >
        <div
          class="mui-calendar-cell-top"
        >
          <span>
            06
          </span>
        </div>
        <div
          class="mui-calendar-cell-bottom"
        />
      </div>
    </div>
  </div>
</div>
`;
