// Jest Snapshot v1, https://goo.gl/fbAQLP

exports[`Notice Component component: Notice, <test prop:: delay>, <test prop:: speed> 1`] = `
<div>
  <div
    class="mui-notice mui-notice-default"
    fieldid=""
  >
    <span
      class="mui-notice-left"
      fieldid="_noticedefault"
    >
      <svg
        class="mui-notice-left-icon"
        fill="currentColor"
        height="0.32rem"
        id="arcvolume-up"
        viewBox="0 0 1024 1024"
        width="0.32rem"
      >
        <path
          class="mui-notice-left-icon"
          d="M576 772.352l-217.642667-149.248a43.136 43.136 0 0 0-24.149333-7.466667H149.333333V408.405333h184.874667c8.618667 0 17.024-2.645333 24.149333-7.466666L576 251.690667v520.661333z m62.549333-639.402667a42.496 42.496 0 0 0-43.989333 2.517334L320.981333 323.072H106.666667a42.666667 42.666667 0 0 0-42.666667 42.666667v292.565333a42.666667 42.666667 0 0 0 42.666667 42.666667h214.314666l273.578667 187.605333a42.581333 42.581333 0 0 0 43.989333 2.517333A42.666667 42.666667 0 0 0 661.333333 853.333333V170.666667a42.666667 42.666667 0 0 0-22.784-37.717334z m141.354667 224.298667a42.709333 42.709333 0 0 0-66.517333 53.504c44.202667 54.869333 44.202667 147.626667 0 202.496a42.666667 42.666667 0 0 0 66.56 53.504c69.76-86.784 69.76-222.72 0-309.504z m-2.133333-128.426667a42.666667 42.666667 0 0 1 60.117333-5.717333C930.389333 299.733333 981.333333 402.346667 981.333333 512.042667c0 109.610667-50.944 212.181333-143.445333 288.853333a42.666667 42.666667 0 1 1-54.4-65.749333C856.021333 674.986667 896 595.754667 896 512c0-83.754667-39.978667-162.986667-112.512-223.146667a42.666667 42.666667 0 0 1-5.674667-60.074666z"
          fill="currentColor"
          height="0.32rem"
          viewBox="0 0 48 48"
          width="0.32rem"
        />
      </svg>
    </span>
    <span
      class="mui-notice-content"
      fieldid="_content"
    >
      <span
        class="mui-notice-content-inner"
        style="transition-duration: 1s; transform: translateX(-600px);"
      >
        这条通知是一个超长滚动的示例，这条通知是一个超长滚动的示例，这条通知是一个超长滚动的示例
      </span>
    </span>
  </div>
</div>
`;
